Nothing to build in platform 'design_1_wrapper'

13:23:25 **** Incremental Build of configuration Debug for project GraviTris_uC ****
make all 
'Building file: ../src/displayHandler.c'
'Invoking: MicroBlaze gcc compiler'
mb-gcc -Wall -O0 -g3 -c -fmessage-length=0 -MT"src/displayHandler.o" -IC:/FPGA/FPGA_FUN/GraviTris/uC/design_1_wrapper/export/design_1_wrapper/sw/design_1_wrapper/standalone_microblaze_0/bspinclude/include -mlittle-endian -mcpu=v11.0 -mxl-soft-mul -Wl,--no-relax -ffunction-sections -fdata-sections -MMD -MP -MF"src/displayHandler.d" -MT"src/displayHandler.o" -o "src/displayHandler.o" "../src/displayHandler.c"
'Finished building: ../src/displayHandler.c'
' '
'Building file: ../src/gpioHandler.c'
'Invoking: MicroBlaze gcc compiler'
mb-gcc -Wall -O0 -g3 -c -fmessage-length=0 -MT"src/gpioHandler.o" -IC:/FPGA/FPGA_FUN/GraviTris/uC/design_1_wrapper/export/design_1_wrapper/sw/design_1_wrapper/standalone_microblaze_0/bspinclude/include -mlittle-endian -mcpu=v11.0 -mxl-soft-mul -Wl,--no-relax -ffunction-sections -fdata-sections -MMD -MP -MF"src/gpioHandler.d" -MT"src/gpioHandler.o" -o "src/gpioHandler.o" "../src/gpioHandler.c"
'Finished building: ../src/gpioHandler.c'
' '
'Building file: ../src/helloworld.c'
'Invoking: MicroBlaze gcc compiler'
mb-gcc -Wall -O0 -g3 -c -fmessage-length=0 -MT"src/helloworld.o" -IC:/FPGA/FPGA_FUN/GraviTris/uC/design_1_wrapper/export/design_1_wrapper/sw/design_1_wrapper/standalone_microblaze_0/bspinclude/include -mlittle-endian -mcpu=v11.0 -mxl-soft-mul -Wl,--no-relax -ffunction-sections -fdata-sections -MMD -MP -MF"src/helloworld.d" -MT"src/helloworld.o" -o "src/helloworld.o" "../src/helloworld.c"
In file included from C:/FPGA/FPGA_FUN/GraviTris/uC/design_1_wrapper/export/design_1_wrapper/sw/design_1_wrapper/standalone_microblaze_0/bspinclude/include/xil_types.h:51,
                 from C:/FPGA/FPGA_FUN/GraviTris/uC/design_1_wrapper/export/design_1_wrapper/sw/design_1_wrapper/standalone_microblaze_0/bspinclude/include/xil_printf.h:16,
                 from ../src/helloworld.c:22:
../src/helloworld.c: In function 'main':
C:/FPGA/FPGA_FUN/GraviTris/uC/design_1_wrapper/export/design_1_wrapper/sw/design_1_wrapper/standalone_microblaze_0/bspinclude/include/xparameters.h:575:34: warning: unsigned conversion from 'int' to 'u16' {aka 'short unsigned int'} changes value from '1073741824' to '0' [-Woverflow]
  575 | #define XPAR_AXI_GPIO_0_BASEADDR 0x40000000
      |                                  ^~~~~~~~~~
../src/helloworld.c:40:37: note: in expansion of macro 'XPAR_AXI_GPIO_0_BASEADDR'
   40 |     gpioConfig = XGpio_LookupConfig(XPAR_AXI_GPIO_0_BASEADDR);
      |                                     ^~~~~~~~~~~~~~~~~~~~~~~~
../src/helloworld.c:50:13: warning: implicit declaration of function 'XUartLite_RecvByte'; did you mean 'XUartLite_Recv'? [-Wimplicit-function-declaration]
   50 |         c = XUartLite_RecvByte(XPAR_AXI_UARTLITE_0_BASEADDR);
      |             ^~~~~~~~~~~~~~~~~~
      |             XUartLite_Recv
'Finished building: ../src/helloworld.c'
' '
'Building target: GraviTris_uC.elf'
'Invoking: MicroBlaze gcc linker'
mb-gcc -Wl,-T -Wl,../src/lscript.ld -LC:/FPGA/FPGA_FUN/GraviTris/uC/design_1_wrapper/export/design_1_wrapper/sw/design_1_wrapper/standalone_microblaze_0/bsplib/lib -mlittle-endian -mcpu=v11.0 -mxl-soft-mul -Wl,--no-relax -Wl,--gc-sections -o "GraviTris_uC.elf"  ./src/displayHandler.o ./src/gpioHandler.o ./src/helloworld.o ./src/platform.o   -Wl,--start-group,-lxil,-lgcc,-lc,--end-group
'Finished building target: GraviTris_uC.elf'
' '
'Invoking: MicroBlaze Print Size'
mb-size GraviTris_uC.elf  |tee "GraviTris_uC.elf.size"
   text	   data	    bss	    dec	    hex	filename
  10320	    308	   3132	  13760	   35c0	GraviTris_uC.elf
'Finished building: GraviTris_uC.elf.size'
' '
13:23:26 **** Incremental Build of configuration Debug for project GraviTris_uC_system ****
make all 
Skipping SD card image generation. Reason: "The system project only has applications for microblaze processors."
