Nothing to build in platform 'design_1_wrapper'

16:22:57 **** Incremental Build of configuration Debug for project GraviTris_uC ****
make all 
'Building file: ../src/displayHandler.c'
'Invoking: MicroBlaze gcc compiler'
mb-gcc -Wall -O0 -g3 -c -fmessage-length=0 -MT"src/displayHandler.o" -IC:/FPGA/FPGA_FUN/GraviTris_WS/GraviTris_uC/design_1_wrapper/export/design_1_wrapper/sw/design_1_wrapper/standalone_microblaze_0/bspinclude/include -mlittle-endian -mcpu=v11.0 -mxl-soft-mul -Wl,--no-relax -ffunction-sections -fdata-sections -MMD -MP -MF"src/displayHandler.d" -MT"src/displayHandler.o" -o "src/displayHandler.o" "../src/displayHandler.c"
In file included from C:/FPGA/FPGA_FUN/GraviTris_WS/GraviTris_uC/design_1_wrapper/export/design_1_wrapper/sw/design_1_wrapper/standalone_microblaze_0/bspinclude/include/xil_printf.h:16,
                 from C:/FPGA/FPGA_FUN/GraviTris_WS/GraviTris_uC/design_1_wrapper/export/design_1_wrapper/sw/design_1_wrapper/standalone_microblaze_0/bspinclude/include/xil_io.h:49,
                 from C:/FPGA/FPGA_FUN/GraviTris_WS/GraviTris_uC/design_1_wrapper/export/design_1_wrapper/sw/design_1_wrapper/standalone_microblaze_0/bspinclude/include/xgpio_l.h:61,
                 from C:/FPGA/FPGA_FUN/GraviTris_WS/GraviTris_uC/design_1_wrapper/export/design_1_wrapper/sw/design_1_wrapper/standalone_microblaze_0/bspinclude/include/xgpio.h:117,
                 from ../src/gpioHandler.h:4,
                 from ../src/displayHandler.h:4,
                 from ../src/displayHandler.c:1:
C:/FPGA/FPGA_FUN/GraviTris_WS/GraviTris_uC/design_1_wrapper/export/design_1_wrapper/sw/design_1_wrapper/standalone_microblaze_0/bspinclude/include/xparameters.h:534:45: warning: initialization of 'uint8_t *' {aka 'unsigned char *'} from 'unsigned int' makes pointer from integer without a cast [-Wint-conversion]
  534 | #define XPAR_AXI_BRAM_CTRL_0_S_AXI_BASEADDR 0xC0000000U
      |                                             ^~~~~~~~~~~
../src/displayHandler.c:10:20: note: in expansion of macro 'XPAR_AXI_BRAM_CTRL_0_S_AXI_BASEADDR'
   10 | uint8_t *mem8Ptr = XPAR_AXI_BRAM_CTRL_0_S_AXI_BASEADDR;
      |                    ^~~~~~~~~~~~~~~~~~~~~~~~~~~~~~~~~~~
C:/FPGA/FPGA_FUN/GraviTris_WS/GraviTris_uC/design_1_wrapper/export/design_1_wrapper/sw/design_1_wrapper/standalone_microblaze_0/bspinclude/include/xparameters.h:534:45: warning: initialization of 'uint32_t *' {aka 'long unsigned int *'} from 'unsigned int' makes pointer from integer without a cast [-Wint-conversion]
  534 | #define XPAR_AXI_BRAM_CTRL_0_S_AXI_BASEADDR 0xC0000000U
      |                                             ^~~~~~~~~~~
../src/displayHandler.c:11:22: note: in expansion of macro 'XPAR_AXI_BRAM_CTRL_0_S_AXI_BASEADDR'
   11 | uint32_t *mem32Ptr = XPAR_AXI_BRAM_CTRL_0_S_AXI_BASEADDR;
      |                      ^~~~~~~~~~~~~~~~~~~~~~~~~~~~~~~~~~~
'Finished building: ../src/displayHandler.c'
' '
'Building target: GraviTris_uC.elf'
'Invoking: MicroBlaze gcc linker'
mb-gcc -Wl,-T -Wl,../src/lscript.ld -LC:/FPGA/FPGA_FUN/GraviTris_WS/GraviTris_uC/design_1_wrapper/export/design_1_wrapper/sw/design_1_wrapper/standalone_microblaze_0/bsplib/lib -mlittle-endian -mcpu=v11.0 -mxl-soft-mul -Wl,--no-relax -Wl,--gc-sections -o "GraviTris_uC.elf"  ./src/commonDisplayHandler.o ./src/displayHandler.o ./src/gpioHandler.o ./src/helloworld.o ./src/platform.o   -Wl,--start-group,-lxil,-lgcc,-lc,--end-group
'Finished building target: GraviTris_uC.elf'
' '
'Invoking: MicroBlaze Print Size'
mb-size GraviTris_uC.elf  |tee "GraviTris_uC.elf.size"
   text	   data	    bss	    dec	    hex	filename
  15688	    896	   3280	  19864	   4d98	GraviTris_uC.elf
'Finished building: GraviTris_uC.elf.size'
' '
16:22:58 **** Incremental Build of configuration Debug for project GraviTris_uC_system ****
make all 
Skipping SD card image generation. Reason: "The system project only has applications for microblaze processors."
Nothing to build in platform 'design_1_wrapper'

16:23:02 **** Incremental Build of configuration Debug for project GraviTris_uC ****
make all 
make: Nothing to be done for 'all'.
16:23:02 **** Incremental Build of configuration Debug for project GraviTris_uC_system ****
make all 
Skipping SD card image generation. Reason: "The system project only has applications for microblaze processors."
